Archive member included because of file (symbol)

lib_mips/libmips.a(board.o)   (__u_boot_cmd_rf)
lib_mips/libmips.a(time.o)    lib_mips/libmips.a(board.o) (timer_init)
net/libnet.a(net.o)           lib_mips/libmips.a(board.o) (copy_filename)
net/libnet.a(tftp.o)          net/libnet.a(net.o) (TftpSend)
net/libnet.a(eth.o)           lib_mips/libmips.a(board.o) (eth_initialize)
drivers/libdrivers.a(rt2880_eth.o)
                              net/libnet.a(net.o) (rt2880_free_buf_entry_dequeue)
drivers/libdrivers.a(mii_mgr.o)
                              drivers/libdrivers.a(rt2880_eth.o) (mii_mgr_write)
drivers/libdrivers.a(spi_rt6855A_flash.o)
                              (__u_boot_cmd_spi)
common/libcommon.a(main.o)    lib_mips/libmips.a(board.o) (run_command)
common/libcommon.a(cmd_boot.o)
                              (__u_boot_cmd_go)
common/libcommon.a(cmd_bootm.o)
                              (__u_boot_cmd_reset)
common/libcommon.a(cmd_console.o)
                              (__u_boot_cmd_coninfo)
common/libcommon.a(cmd_load.o)
                              (__u_boot_cmd_loadb)
common/libcommon.a(cmd_net.o)
                              (__u_boot_cmd_rarpboot)
common/libcommon.a(cmd_mem.o)
                              (__u_boot_cmd_mtest)
common/libcommon.a(cmd_nvedit.o)
                              (__u_boot_cmd_saveenv)
common/libcommon.a(command.o)
                              (__u_boot_cmd_question_mark)
common/libcommon.a(console.o)
                              lib_mips/libmips.a(board.o) (printf)
common/libcommon.a(devices.o)
                              common/libcommon.a(cmd_console.o) (stdio_names)
common/libcommon.a(dlmalloc.o)
                              lib_mips/libmips.a(board.o) (malloc_bin_reloc)
common/libcommon.a(env_common.o)
                              common/libcommon.a(cmd_nvedit.o) (env_get_char)
common/libcommon.a(exports.o)
                              lib_mips/libmips.a(board.o) (jumptable_init)
common/libcommon.a(lists.o)   common/libcommon.a(devices.o) (ListCreate)
common/libcommon.a(env_spi.o)
                              common/libcommon.a(env_common.o) (env_ptr)
common/libcommon.a(environment.o)
                              common/libcommon.a(env_spi.o) (environment)
lib_generic/libgeneric.a(crc32.o)
                              common/libcommon.a(cmd_mem.o) (crc32)
lib_generic/libgeneric.a(display_options.o)
                              lib_mips/libmips.a(board.o) (print_size)
lib_generic/libgeneric.a(string.o)
                              common/libcommon.a(command.o) (strchr)
lib_generic/libgeneric.a(vsprintf.o)
                              lib_mips/libmips.a(board.o) (simple_strtoul)
lib_generic/libgeneric.a(LzmaDecode.o)
                              common/libcommon.a(cmd_bootm.o) (lzmaBuffToBuffDecompress)
lib_generic/libgeneric.a(ctype.o)
                              lib_generic/libgeneric.a(vsprintf.o) (_ctype)
board/rt2880/librt2880.a(rt2880.o)
                              lib_mips/libmips.a(board.o) (initdram)
board/rt2880/librt2880.a(serial.o)
                              common/libcommon.a(cmd_load.o) (serial_setbrg)
cpu/ralink_soc/libralink_soc.a(cpu.o)
                              lib_mips/libmips.a(board.o) (do_reset)
lib_mips/libmips.a(mips_linux.o)
                              common/libcommon.a(cmd_bootm.o) (do_bootm_linux)

Allocating common symbols
Common symbol       size              file

dp_last_size        0x4               common/libcommon.a(cmd_mem.o)
console_buffer      0x100             drivers/libdrivers.a(rt2880_eth.o)
NetArpWaitTry       0x4               net/libnet.a(net.o)
NetArpWaitPacketMAC
                    0x4               net/libnet.a(net.o)
NetOurEther         0x6               net/libnet.a(net.o)
NetOurIP            0x4               net/libnet.a(net.o)
NetServerIP         0x4               net/libnet.a(net.o)
monitor_flash_len   0x4               lib_mips/libmips.a(board.o)
Pkt_Buf_Pool        0x17440           net/libnet.a(net.o)
___strtok           0x4               lib_generic/libgeneric.a(string.o)
NetArpWaitTxPacketSize
                    0x4               net/libnet.a(net.o)
NetArpWaitReplyIP   0x4               net/libnet.a(net.o)
NetRxPackets        0xf0              net/libnet.a(net.o)
NetArpWaitTxPacket  0x4               net/libnet.a(net.o)
rt2880_free_buf_list
                    0x8               drivers/libdrivers.a(rt2880_eth.o)
PKT_HEADER_Buf      0x4               drivers/libdrivers.a(rt2880_eth.o)
NetArpWaitPacketIP  0x4               net/libnet.a(net.o)
NetState            0x4               net/libnet.a(net.o)
BootFile            0x80              net/libnet.a(net.o)
rt2880_pdev         0x4               drivers/libdrivers.a(rt2880_eth.o)
dp_last_addr        0x4               common/libcommon.a(cmd_mem.o)
his_pad_char        0x1               common/libcommon.a(cmd_load.o)
os_data_count       0x4               common/libcommon.a(cmd_load.o)
mm_last_size        0x4               common/libcommon.a(cmd_mem.o)
os_data_init        0x4               common/libcommon.a(cmd_load.o)
mips_bus_feq        0x4               lib_mips/libmips.a(board.o)
mm_last_addr        0x4               common/libcommon.a(cmd_mem.o)
rt2880_busing_buf_list
                    0x8               drivers/libdrivers.a(rt2880_eth.o)
NetIPID             0x4               net/libnet.a(net.o)
send_ptr            0x4               common/libcommon.a(cmd_load.o)
mips_cpu_feq        0x4               lib_mips/libmips.a(board.o)
NetRxPkt            0x4               net/libnet.a(net.o)
os_data_header      0x20              common/libcommon.a(cmd_load.o)
os_data_char        0x4               common/libcommon.a(cmd_load.o)
gd_data             0x24              lib_mips/libmips.a(board.o)
NetArpWaitPacketBuf
                    0x640             net/libnet.a(net.o)
TftpStarted         0x4               net/libnet.a(tftp.o)
his_eol             0x1               common/libcommon.a(cmd_load.o)
header              0x40              common/libcommon.a(cmd_bootm.o)
NetRxPktLen         0x4               net/libnet.a(net.o)
his_quote           0x1               common/libcommon.a(cmd_load.o)
NetBootFileXferSize
                    0x4               net/libnet.a(net.o)
console_history     0xa00             common/libcommon.a(main.o)
PktBuf              0x4               net/libnet.a(net.o)
send_parms          0x14              common/libcommon.a(cmd_load.o)
his_pad_count       0x4               common/libcommon.a(cmd_load.o)
NetArpWaitTimerStart
                    0x4               net/libnet.a(net.o)

Memory Configuration

Name             Origin             Length             Attributes
*default*        0x0000000000000000 0xffffffffffffffff

Linker script and memory map

                0x0000000000000000                . = 0x0
                0x0000000000000000                . = ALIGN (0x4)

.text           0x00000000bc000000    0x13f20
 *(.text)
 .text          0x00000000bc000000     0x1060 cpu/ralink_soc/start.o
                0x00000000bc000ec8                DDR2_CFG0_TBL
                0x00000000bc000b98                relocate_code
                0x00000000bc00101c                fill_icache
                0x00000000bc000dc0                SDR_CFG0_TBL
                0x00000000bc000fc4                unlock_dcache
                0x00000000bc000e28                DDR1_CFG1_TBL
                0x00000000bc000000                _start
                0x00000000bc000e00                DDR1_CFG0_TBL
                0x00000000bc000ee8                DDR2_CFG1_TBL
                0x00000000bc000f68                lock_dcache
                0x00000000bc000c64                init_cpu_pll
                0x00000000bc000de0                SDR_CFG1_TBL
 .text          0x00000000bc001060     0x2930 lib_mips/libmips.a(board.o)
                0x00000000bc0026e4                do_rw_rf
                0x00000000bc0025b8                hang
                0x00000000bc0025e8                rw_rf_reg
                0x00000000bc001994                board_init_r
                0x00000000bc001388                OperationSelect
                0x00000000bc001060                sbrk
                0x00000000bc00195c                disable_pcie
                0x00000000bc0010b0                board_init_f
                0x00000000bc001448                tftp_config
                0x00000000bc001924                config_usb_ehciohci
                0x00000000bc00191c                trigger_hw_reset
                0x00000000bc002824                dram_cali
 .text          0x00000000bc003990      0x140 lib_mips/libmips.a(time.o)
                0x00000000bc003a80                mdelay
                0x00000000bc0039ac                get_timer
                0x00000000bc003998                timer_init
                0x00000000bc0039f0                udelay
 .text          0x00000000bc003ad0     0x1520 net/libnet.a(net.o)
                0x00000000bc004abc                getenv_IPaddr
                0x00000000bc0042c0                NetCksumOk
                0x00000000bc003ce0                NetSetTimeout
                0x00000000bc004904                copy_filename
                0x00000000bc0048fc                NetEthHdrSize
                0x00000000bc004978                ip_to_string
                0x00000000bc003e50                ArpTimeoutCheck
                0x00000000bc004300                NetReceive
                0x00000000bc0049f8                string_to_ip
                0x00000000bc0040f4                NetSendUDPPacket
                0x00000000bc004fa4                print_IPaddr
                0x00000000bc003ad0                NetSetEther
                0x00000000bc004af8                NetLoop
                0x00000000bc003b50                ArpRequest
                0x00000000bc003f38                NetCksum
                0x00000000bc003f80                NetSetIP
                0x00000000bc003d5c                NetStartAgain
                0x00000000bc003d44                NetSetHandler
                0x00000000bc003f20                NetSendPacket
 .text          0x00000000bc004ff0      0x990 net/libnet.a(tftp.o)
                0x00000000bc004ff0                TftpSend
                0x00000000bc0056d0                TftpStart
 .text          0x00000000bc005980      0x4f0 net/libnet.a(eth.o)
                0x00000000bc005dac                eth_halt
                0x00000000bc005a20                eth_register
                0x00000000bc005980                eth_parse_enetaddr
                0x00000000bc005cc4                eth_try_another
                0x00000000bc005a8c                eth_initialize
                0x00000000bc005e3c                eth_rx
                0x00000000bc005cfc                eth_init
                0x00000000bc005e04                eth_send
 .text          0x00000000bc005e70     0x1490 drivers/libdrivers.a(rt2880_eth.o)
                0x00000000bc005fec                rt2880_eth_initialize
                0x00000000bc005f38                rt2880_free_buf_entry_dequeue
                0x00000000bc006604                disableEthForward
                0x00000000bc0068f0                rt305x_esw_init
                0x00000000bc006f8c                readline
                0x00000000bc007270                input_value
                0x00000000bc005ed0                STOP_ETH
                0x00000000bc006634                mt7628_ephy_init
                0x00000000bc00623c                LANWANPartition
                0x00000000bc0065d0                enableEthForward
                0x00000000bc006244                isDMABusy
                0x00000000bc005e70                START_ETH
                0x00000000bc006e1c                rt2880_eth_halt
 .text          0x00000000bc007300      0x900 drivers/libdrivers.a(mii_mgr.o)
                0x00000000bc00759c                dump_phy_reg
                0x00000000bc007454                mii_mgr_write
                0x00000000bc007308                mii_mgr_read
                0x00000000bc007300                enable_mdio
                0x00000000bc007750                rt2880_mdio_access
 .text          0x00000000bc007c00     0x2420 drivers/libdrivers.a(spi_rt6855A_flash.o)
                0x00000000bc008b48                raspi_read
                0x00000000bc007c94                spic_init
                0x00000000bc0093f8                do_mem_cp
                0x00000000bc009a14                ralink_spi_command
                0x00000000bc0088f0                raspi_init
                0x00000000bc009600                do_flerase
                0x00000000bc0087b0                chip_prob
                0x00000000bc008938                raspi_erase
                0x00000000bc008ccc                raspi_write
                0x00000000bc009008                raspi_erase_write
 .text          0x00000000bc00a020      0x610 common/libcommon.a(main.o)
                0x00000000bc00a020                run_command
                0x00000000bc00a524                main_loop
 .text          0x00000000bc00a630       0xe0 common/libcommon.a(cmd_boot.o)
                0x00000000bc00a630                do_go
 .text          0x00000000bc00a710      0x750 common/libcommon.a(cmd_bootm.o)
                0x00000000bc00aaa8                print_image_hdr
                0x00000000bc00a858                do_bootm
                0x00000000bc00a710                fake_image_header
 .text          0x00000000bc00ae60      0x140 common/libcommon.a(cmd_console.o)
                0x00000000bc00ae60                do_coninfo
 .text          0x00000000bc00afa0      0xcd0 common/libcommon.a(cmd_load.o)
                0x00000000bc00b260                k_data_init
                0x00000000bc00b06c                s1_sendpacket
                0x00000000bc00b3c4                handle_send_packet
                0x00000000bc00b2d0                k_data_restore
                0x00000000bc00b158                send_nack
                0x00000000bc00b624                do_load_serial_bin
                0x00000000bc00b320                k_data_char
                0x00000000bc00b034                chk1
                0x00000000bc00b280                k_data_save
                0x00000000bc00aff8                ktrans
                0x00000000bc00afa0                send_pad
                0x00000000bc00b0cc                send_ack
 .text          0x00000000bc00bc70      0x490 common/libcommon.a(cmd_net.o)
                0x00000000bc00c0a0                do_rarpb
                0x00000000bc00c0c0                do_tftpb
                0x00000000bc00c0e0                do_bootp
 .text          0x00000000bc00c100      0xb10 common/libcommon.a(cmd_mem.o)
                0x00000000bc00c488                do_mem_base
                0x00000000bc00cadc                do_mem_crc
                0x00000000bc00ca4c                do_mem_nm
                0x00000000bc00ca94                do_mem_mm
                0x00000000bc00c67c                do_mem_mtest
                0x00000000bc00c100                cmd_get_data_size
                0x00000000bc00c4f4                do_mem_loop
                0x00000000bc00c1b8                do_mem_md
 .text          0x00000000bc00cc10      0xc00 common/libcommon.a(cmd_nvedit.o)
                0x00000000bc00d6dc                getenv
                0x00000000bc00cf24                _do_setenv
                0x00000000bc00ccb4                do_printenv
                0x00000000bc00d614                setenv
                0x00000000bc00d7b4                do_saveenv
                0x00000000bc00d668                do_setenv
 .text          0x00000000bc00d810      0x3f0 common/libcommon.a(command.o)
                0x00000000bc00d850                find_cmd
                0x00000000bc00d970                do_help
                0x00000000bc00d810                do_version
 .text          0x00000000bc00dc00      0x7c0 common/libcommon.a(console.o)
                0x00000000bc00e24c                console_init_r
                0x00000000bc00df9c                printf
                0x00000000bc00e120                console_assign
                0x00000000bc00de94                getc
                0x00000000bc00df5c                puts
                0x00000000bc00e110                dbg
                0x00000000bc00dce8                serial_printf
                0x00000000bc00dd78                ftstc
                0x00000000bc00de34                fprintf
                0x00000000bc00ded4                tstc
                0x00000000bc00dff4                vprintf
                0x00000000bc00e040                ctrlc
                0x00000000bc00df14                putc
                0x00000000bc00e0c4                disable_ctrlc
                0x00000000bc00dd40                fgetc
                0x00000000bc00e0e0                had_ctrlc
                0x00000000bc00ddb0                fputc
                0x00000000bc00e23c                console_init_f
                0x00000000bc00e0f8                clear_ctrlc
                0x00000000bc00ddf4                fputs
 .text          0x00000000bc00e3c0      0x180 common/libcommon.a(devices.o)
                0x00000000bc00e3c0                device_register
                0x00000000bc00e500                devices_done
                0x00000000bc00e404                devices_init
 .text          0x00000000bc00e540     0x14b0 common/libcommon.a(dlmalloc.o)
                0x00000000bc00e93c                malloc
                0x00000000bc00f7b0                pvalloc
                0x00000000bc00f7d4                calloc
                0x00000000bc00f900                malloc_usable_size
                0x00000000bc00f088                realloc
                0x00000000bc00e5a0                malloc_trim
                0x00000000bc00e540                malloc_bin_reloc
                0x00000000bc00f958                mallopt
                0x00000000bc00f5fc                memalign
                0x00000000bc00f8e8                cfree
                0x00000000bc00f794                valloc
                0x00000000bc00e6c8                free
 .text          0x00000000bc00f9f0      0x1f0 common/libcommon.a(env_common.o)
                0x00000000bc00fac0                env_get_addr
                0x00000000bc00faf0                env_relocate
                0x00000000bc00f9f0                env_crc_update
                0x00000000bc00fa8c                env_get_char_memory
 .text          0x00000000bc00fbe0       0xb0 common/libcommon.a(exports.o)
                0x00000000bc00fbf0                jumptable_init
                0x00000000bc00fbe8                get_version
 .text          0x00000000bc00fc90      0x510 common/libcommon.a(lists.o)
                0x00000000bc00fd3c                DisposeHandle
                0x00000000bc00fed8                ListDispose
                0x00000000bc00fef0                ListInsertItems
                0x00000000bc00fc90                NewHandle
                0x00000000bc00fda0                SetHandleSize
                0x00000000bc01013c                ListInsertItem
                0x00000000bc00fd98                GetHandleSize
                0x00000000bc010194                ListNumItems
                0x00000000bc010154                ListGetPtrToItem
                0x00000000bc00fe68                ListCreate
 .text          0x00000000bc0101a0       0x80 common/libcommon.a(env_spi.o)
                0x00000000bc01020c                env_relocate_spec
                0x00000000bc010204                saveenv
                0x00000000bc0101a0                env_get_char_spec
                0x00000000bc0101d4                spi_env_init
                0x00000000bc0101b0                env_init
 .text          0x00000000bc010220     0x1010 common/libcommon.a(environment.o)
                0x00000000bc010224                environment
                0x00000000bc010220                env_size
 .text          0x00000000bc011230      0x220 lib_generic/libgeneric.a(crc32.o)
                0x00000000bc011230                crc32
 .text          0x00000000bc011450      0x150 lib_generic/libgeneric.a(display_options.o)
                0x00000000bc011450                display_options
                0x00000000bc011490                print_size
 .text          0x00000000bc0115a0      0x220 lib_generic/libgeneric.a(string.o)
                0x00000000bc011710                memmove
                0x00000000bc0116e0                memcpy
                0x00000000bc011678                strnlen
                0x00000000bc011600                strrchr
                0x00000000bc01178c                memcmp
                0x00000000bc0116b4                memset
                0x00000000bc0115dc                strlen
                0x00000000bc0115a0                strchr
 .text          0x00000000bc0117c0      0xa30 lib_generic/libgeneric.a(vsprintf.o)
                0x00000000bc011bd8                vsprintf
                0x00000000bc0118b4                simple_strtol
                0x00000000bc012170                panic
                0x00000000bc012134                sprintf
                0x00000000bc0117c0                simple_strtoul
 .text          0x00000000bc0121f0      0xc80 lib_generic/libgeneric.a(LzmaDecode.o)
                0x00000000bc012224                RangeDecoderInit
                0x00000000bc012c5c                lzmaBuffToBuffDecompress
                0x00000000bc0122ac                RangeDecoderDecodeDirectBits
                0x00000000bc01247c                RangeDecoderBitTreeDecode
                0x00000000bc0125b4                LzmaLiteralDecode
                0x00000000bc012368                RangeDecoderBitDecode
                0x00000000bc012510                RangeDecoderReverseBitTreeDecode
                0x00000000bc0126fc                LzmaLenDecode
                0x00000000bc0127e8                LzmaDecode
                0x00000000bc0121f0                RangeDecoderReadByte
                0x00000000bc012624                LzmaLiteralDecodeMatch
 .text          0x00000000bc012e70      0x4b0 board/rt2880/librt2880.a(rt2880.o)
                0x00000000bc012e70                get_ram_size
                0x00000000bc0130d8                initTpProduct
                0x00000000bc0132ec                getGpioData
                0x00000000bc012fe0                checkboard
                0x00000000bc012fa4                initdram
                0x00000000bc01301c                setGpioData
 .text          0x00000000bc013320      0x180 board/rt2880/librt2880.a(serial.o)
                0x00000000bc013320                serial_setbrg
                0x00000000bc013410                serial_tstc
                0x00000000bc0133bc                serial_putc
                0x00000000bc013384                serial_init
                0x00000000bc013448                serial_puts
                0x00000000bc013424                serial_getc
 .text          0x00000000bc0134a0      0x170 cpu/ralink_soc/libralink_soc.a(cpu.o)
                0x00000000bc0135cc                invalidate_dcache_range
                0x00000000bc0134b8                flush_cache
                0x00000000bc01358c                flush_dcache_range
                0x00000000bc0134a0                do_reset
                0x00000000bc013554                write_one_tlb
 .text          0x00000000bc013610      0x910 lib_mips/libmips.a(mips_linux.o)
                0x00000000bc013738                do_bootm_linux
                0x00000000bc013f20                . = ALIGN (0x4)

.rodata         0x00000000bc013f20      0x260
 *(.rodata)
 .rodata        0x00000000bc013f20       0x30 lib_mips/libmips.a(board.o)
                0x00000000bc013f20                version_string
 .rodata        0x00000000bc013f50       0x10 net/libnet.a(net.o)
 .rodata        0x00000000bc013f60       0x30 net/libnet.a(tftp.o)
 .rodata        0x00000000bc013f90       0x10 net/libnet.a(eth.o)
 .rodata        0x00000000bc013fa0       0xf0 drivers/libdrivers.a(spi_rt6855A_flash.o)
 .rodata        0x00000000bc014090       0xc0 common/libcommon.a(cmd_bootm.o)
 .rodata        0x00000000bc014150       0x20 common/libcommon.a(cmd_nvedit.o)
 .rodata        0x00000000bc014170       0x10 lib_generic/libgeneric.a(crc32.o)

.reginfo        0x00000000bc014180       0x18
 .reginfo       0x00000000bc014180       0x18 cpu/ralink_soc/start.o

.rodata.str1.4  0x00000000bc014198     0x3078
 .rodata.str1.4
                0x00000000bc014198      0x951 lib_mips/libmips.a(board.o)
                                        0x97c (size before relaxing)
 *fill*         0x00000000bc014ae9        0x3 00
 .rodata.str1.4
                0x00000000bc014aec      0x355 net/libnet.a(net.o)
                                        0x374 (size before relaxing)
 *fill*         0x00000000bc014e41        0x3 00
 .rodata.str1.4
                0x00000000bc014e44      0x1f3 net/libnet.a(tftp.o)
                                        0x204 (size before relaxing)
 *fill*         0x00000000bc015037        0x1 00
 .rodata.str1.4
                0x00000000bc015038       0x92 net/libnet.a(eth.o)
                                         0x98 (size before relaxing)
 *fill*         0x00000000bc0150ca        0x2 00
 .rodata.str1.4
                0x00000000bc0150cc      0x1a0 drivers/libdrivers.a(rt2880_eth.o)
 .rodata.str1.4
                0x00000000bc01526c      0x293 drivers/libdrivers.a(mii_mgr.o)
                                        0x2a4 (size before relaxing)
 *fill*         0x00000000bc0154ff        0x1 00
 .rodata.str1.4
                0x00000000bc015500      0x859 drivers/libdrivers.a(spi_rt6855A_flash.o)
                                        0x870 (size before relaxing)
 *fill*         0x00000000bc015d59        0x3 00
 .rodata.str1.4
                0x00000000bc015d5c       0x7d common/libcommon.a(main.o)
                                         0x98 (size before relaxing)
 *fill*         0x00000000bc015dd9        0x3 00
 .rodata.str1.4
                0x00000000bc015ddc       0xdf common/libcommon.a(cmd_boot.o)
                                         0xec (size before relaxing)
 *fill*         0x00000000bc015ebb        0x1 00
 .rodata.str1.4
                0x00000000bc015ebc      0x409 common/libcommon.a(cmd_bootm.o)
                                        0x418 (size before relaxing)
 *fill*         0x00000000bc0162c5        0x3 00
 .rodata.str1.4
                0x00000000bc0162c8       0x70 common/libcommon.a(cmd_console.o)
                                         0x74 (size before relaxing)
 .rodata.str1.4
                0x00000000bc016338      0x1bc common/libcommon.a(cmd_load.o)
                                        0x1d4 (size before relaxing)
 .rodata.str1.4
                0x00000000bc0164f4      0x185 common/libcommon.a(cmd_net.o)
                                        0x1e4 (size before relaxing)
 *fill*         0x00000000bc016679        0x3 00
 .rodata.str1.4
                0x00000000bc01667c      0x40d common/libcommon.a(cmd_mem.o)
                                        0x420 (size before relaxing)
 *fill*         0x00000000bc016a89        0x3 00
 .rodata.str1.4
                0x00000000bc016a8c      0x2ad common/libcommon.a(cmd_nvedit.o)
                                        0x318 (size before relaxing)
 *fill*         0x00000000bc016d39        0x3 00
 .rodata.str1.4
                0x00000000bc016d3c      0x211 common/libcommon.a(command.o)
                                        0x21c (size before relaxing)
 *fill*         0x00000000bc016f4d        0x3 00
 .rodata.str1.4
                0x00000000bc016f50       0x2f common/libcommon.a(devices.o)
                                         0x48 (size before relaxing)
 *fill*         0x00000000bc016f7f        0x1 00
 .rodata.str1.4
                0x00000000bc016f80       0x33 common/libcommon.a(env_common.o)
                                         0x34 (size before relaxing)
 *fill*         0x00000000bc016fb3        0x1 00
 .rodata.str1.4
                0x00000000bc016fb4        0xa common/libcommon.a(env_spi.o)
                                          0xc (size before relaxing)
 *fill*         0x00000000bc016fbe        0x2 00
 .rodata.str1.4
                0x00000000bc016fc0       0x17 lib_generic/libgeneric.a(display_options.o)
                                         0x20 (size before relaxing)
 *fill*         0x00000000bc016fd7        0x1 00
 .rodata.str1.4
                0x00000000bc016fd8       0x57 lib_generic/libgeneric.a(vsprintf.o)
                                         0x58 (size before relaxing)
 *fill*         0x00000000bc01702f        0x1 00
 .rodata.str1.4
                0x00000000bc017030       0x61 board/rt2880/librt2880.a(rt2880.o)
                                         0x64 (size before relaxing)
 *fill*         0x00000000bc017091        0x3 00
 .rodata.str1.4
                0x00000000bc017094      0x17c lib_mips/libmips.a(mips_linux.o)
                                        0x188 (size before relaxing)
                0x00000000bc017210                . = ALIGN (0x4)

.data           0x00000000bc017210      0x230
 *(.data)
 .data          0x00000000bc017210       0x10 net/libnet.a(net.o)
                0x00000000bc017210                NetBcastAddr
 .data          0x00000000bc017220       0x10 net/libnet.a(tftp.o)
                0x00000000bc017220                fileNotFoundCounter
 .data          0x00000000bc017230       0x10 drivers/libdrivers.a(rt2880_eth.o)
 .data          0x00000000bc017240       0x40 drivers/libdrivers.a(spi_rt6855A_flash.o)
                0x00000000bc017240                stm_opcodes
 .data          0x00000000bc017280       0x10 common/libcommon.a(cmd_bootm.o)
                0x00000000bc017280                load_addr
 .data          0x00000000bc017290       0x10 common/libcommon.a(cmd_mem.o)
                0x00000000bc017290                dp_last_length
 .data          0x00000000bc0172a0       0x10 common/libcommon.a(dlmalloc.o)
 .data          0x00000000bc0172b0       0x80 common/libcommon.a(env_common.o)
                0x00000000bc0172b0                default_environment
 .data          0x00000000bc017330       0x10 lib_generic/libgeneric.a(crc32.o)
 .data          0x00000000bc017340      0x100 lib_generic/libgeneric.a(ctype.o)
                0x00000000bc017340                _ctype

.data.rel.local
                0x00000000bc017440      0x7ac
 .data.rel.local
                0x00000000bc017440      0x390 drivers/libdrivers.a(spi_rt6855A_flash.o)
 .data.rel.local
                0x00000000bc0177d0        0xc common/libcommon.a(devices.o)
                0x00000000bc0177d0                stdio_names
 .data.rel.local
                0x00000000bc0177dc      0x408 common/libcommon.a(dlmalloc.o)
 .data.rel.local
                0x00000000bc017be4        0x4 common/libcommon.a(env_common.o)
                0x00000000bc017be4                env_get_char
 .data.rel.local
                0x00000000bc017be8        0x4 common/libcommon.a(env_spi.o)
                0x00000000bc017be8                env_name_spec

.data.rel       0x00000000bc017bec        0x4
 .data.rel      0x00000000bc017bec        0x4 common/libcommon.a(env_spi.o)
                0x00000000bc017bec                env_ptr
                0x00000000bc017bf0                . = ALIGN (0x4)

.sdata
 *(.sdata)
 *(.sdata)
                0x00000000bc017bf0                _gp = ALIGN (0x10)

.got            0x00000000bc017bf0      0x43c
                0x00000000bc017bf0                __got_start = .
 *(.got)
 .got           0x00000000bc017bf0      0x43c cpu/ralink_soc/start.o
                0x00000000bc017bf0                _GLOBAL_OFFSET_TABLE_
                0x00000000bc01802c                __got_end = .
                0x00000000bc01802c                __u_boot_cmd_start = .

.u_boot_cmd     0x00000000bc01802c      0x258
 *(.u_boot_cmd)
 .u_boot_cmd    0x00000000bc01802c       0x18 lib_mips/libmips.a(board.o)
                0x00000000bc01802c                __u_boot_cmd_rf
 .u_boot_cmd    0x00000000bc018044       0x48 drivers/libdrivers.a(spi_rt6855A_flash.o)
                0x00000000bc01805c                __u_boot_cmd_erase
                0x00000000bc018044                __u_boot_cmd_spi
                0x00000000bc018074                __u_boot_cmd_cp
 .u_boot_cmd    0x00000000bc01808c       0x18 common/libcommon.a(cmd_boot.o)
                0x00000000bc01808c                __u_boot_cmd_go
 .u_boot_cmd    0x00000000bc0180a4       0x30 common/libcommon.a(cmd_bootm.o)
                0x00000000bc0180bc                __u_boot_cmd_bootm
                0x00000000bc0180a4                __u_boot_cmd_reset
 .u_boot_cmd    0x00000000bc0180d4       0x18 common/libcommon.a(cmd_console.o)
                0x00000000bc0180d4                __u_boot_cmd_coninfo
 .u_boot_cmd    0x00000000bc0180ec       0x18 common/libcommon.a(cmd_load.o)
                0x00000000bc0180ec                __u_boot_cmd_loadb
 .u_boot_cmd    0x00000000bc018104       0x48 common/libcommon.a(cmd_net.o)
                0x00000000bc018104                __u_boot_cmd_rarpboot
                0x00000000bc01811c                __u_boot_cmd_tftpboot
                0x00000000bc018134                __u_boot_cmd_bootp
 .u_boot_cmd    0x00000000bc01814c       0xa8 common/libcommon.a(cmd_mem.o)
                0x00000000bc0181dc                __u_boot_cmd_md
                0x00000000bc018164                __u_boot_cmd_loop
                0x00000000bc01817c                __u_boot_cmd_base
                0x00000000bc0181c4                __u_boot_cmd_mm
                0x00000000bc018194                __u_boot_cmd_crc32
                0x00000000bc0181ac                __u_boot_cmd_nm
                0x00000000bc01814c                __u_boot_cmd_mtest
 .u_boot_cmd    0x00000000bc0181f4       0x48 common/libcommon.a(cmd_nvedit.o)
                0x00000000bc0181f4                __u_boot_cmd_saveenv
                0x00000000bc018224                __u_boot_cmd_printenv
                0x00000000bc01820c                __u_boot_cmd_setenv
 .u_boot_cmd    0x00000000bc01823c       0x48 common/libcommon.a(command.o)
                0x00000000bc01823c                __u_boot_cmd_question_mark
                0x00000000bc01826c                __u_boot_cmd_version
                0x00000000bc018254                __u_boot_cmd_help
                0x00000000bc018284                __u_boot_cmd_end = .
                0x00000000bc018284                uboot_end_data = .
                0x000000000000010f                num_got_entries = ((__got_end - __got_start) >> 0x2)
                0x00000000bc018284                . = ALIGN (0x4)

.sbss
 *(.sbss)

.bss            0x00000000bc0182a0    0x2fd48
 *(.bss)
 .bss           0x00000000bc0182a0       0x90 lib_mips/libmips.a(board.o)
                0x00000000bc0182a0                modifies
 .bss           0x00000000bc018330       0xb0 net/libnet.a(net.o)
                0x00000000bc0183a4                NetOurNISDomain
                0x00000000bc01833c                NetServerEther
                0x00000000bc0183cc                NetOurSubnetMask
                0x00000000bc018342                NetBootFileSize
                0x00000000bc018384                NetOurHostName
                0x00000000bc0183c8                NetOurGatewayIP
                0x00000000bc018334                NetEtherNullAddr
                0x00000000bc018330                NetTxPacket
                0x00000000bc0183c4                NetOurDNSIP
                0x00000000bc018344                NetOurRootPath
 .bss           0x00000000bc0183e0       0x40 net/libnet.a(tftp.o)
 .bss           0x00000000bc018420       0x10 net/libnet.a(eth.o)
 *fill*         0x00000000bc018430       0x10 00
 .bss           0x00000000bc018440    0x16e40 drivers/libdrivers.a(rt2880_eth.o)
 .bss           0x00000000bc02f280       0x10 drivers/libdrivers.a(spi_rt6855A_flash.o)
                0x00000000bc02f280                spi_chip_info
 .bss           0x00000000bc02f290      0x100 common/libcommon.a(main.o)
 .bss           0x00000000bc02f390       0x40 common/libcommon.a(cmd_load.o)
 .bss           0x00000000bc02f3d0       0x10 common/libcommon.a(cmd_mem.o)
 .bss           0x00000000bc02f3e0       0x10 common/libcommon.a(console.o)
 .bss           0x00000000bc02f3f0       0x10 common/libcommon.a(devices.o)
                0x00000000bc02f3fc                devlist
                0x00000000bc02f3f0                stdio_devices
 .bss           0x00000000bc02f400       0x40 common/libcommon.a(dlmalloc.o)
 .bss           0x00000000bc02f440      0x400 lib_generic/libgeneric.a(crc32.o)
 .bss           0x00000000bc02f840       0x20 lib_mips/libmips.a(mips_linux.o)
 COMMON         0x00000000bc02f860       0x24 lib_mips/libmips.a(board.o)
                0x00000000bc02f860                gd_data
 COMMON         0x00000000bc02f884    0x17bf0 net/libnet.a(net.o)
                0x00000000bc02f884                Pkt_Buf_Pool
                0x00000000bc046cc4                NetRxPackets
                0x00000000bc046db4                BootFile
                0x00000000bc046e34                NetArpWaitPacketBuf
 COMMON         0x00000000bc047474      0x100 drivers/libdrivers.a(rt2880_eth.o)
                0x00000000bc047474                console_buffer
 COMMON         0x00000000bc047574      0xa00 common/libcommon.a(main.o)
                0x00000000bc047574                console_history
 COMMON         0x00000000bc047f74       0x40 common/libcommon.a(cmd_bootm.o)
                0x00000000bc047f74                header
 COMMON         0x00000000bc047fb4       0x34 common/libcommon.a(cmd_load.o)
                0x00000000bc047fb4                os_data_header
                0x00000000bc047fd4                send_parms
                0x00000000bc047fe8                uboot_end = .

.scommon        0x00000000bc047fe8       0x9c
 .scommon       0x00000000bc047fe8        0xc lib_mips/libmips.a(board.o)
                0x00000000bc047fe8                monitor_flash_len
                0x00000000bc047fec                mips_bus_feq
                0x00000000bc047ff0                mips_cpu_feq
 .scommon       0x00000000bc047ff4       0x44 net/libnet.a(net.o)
                0x00000000bc047ff4                NetArpWaitTry
                0x00000000bc047ff8                NetArpWaitPacketMAC
                0x00000000bc047ffc                NetOurEther
                0x00000000bc048004                NetOurIP
                0x00000000bc048008                NetServerIP
                0x00000000bc04800c                NetArpWaitTxPacketSize
                0x00000000bc048010                NetArpWaitReplyIP
                0x00000000bc048014                NetArpWaitTxPacket
                0x00000000bc048018                NetArpWaitPacketIP
                0x00000000bc04801c                NetState
                0x00000000bc048020                NetIPID
                0x00000000bc048024                NetRxPkt
                0x00000000bc048028                NetRxPktLen
                0x00000000bc04802c                NetBootFileXferSize
                0x00000000bc048030                PktBuf
                0x00000000bc048034                NetArpWaitTimerStart
 .scommon       0x00000000bc048038        0x4 net/libnet.a(tftp.o)
                0x00000000bc048038                TftpStarted
 .scommon       0x00000000bc04803c       0x18 drivers/libdrivers.a(rt2880_eth.o)
                0x00000000bc04803c                rt2880_free_buf_list
                0x00000000bc048044                PKT_HEADER_Buf
                0x00000000bc048048                rt2880_pdev
                0x00000000bc04804c                rt2880_busing_buf_list
 .scommon       0x00000000bc048054       0x1c common/libcommon.a(cmd_load.o)
                0x00000000bc048054                his_pad_char
                0x00000000bc048058                os_data_count
                0x00000000bc04805c                os_data_init
                0x00000000bc048060                send_ptr
                0x00000000bc048064                os_data_char
                0x00000000bc048068                his_eol
                0x00000000bc048069                his_quote
                0x00000000bc04806c                his_pad_count
 .scommon       0x00000000bc048070       0x10 common/libcommon.a(cmd_mem.o)
                0x00000000bc048070                dp_last_size
                0x00000000bc048074                dp_last_addr
                0x00000000bc048078                mm_last_size
                0x00000000bc04807c                mm_last_addr
 .scommon       0x00000000bc048080        0x4 lib_generic/libgeneric.a(string.o)
                0x00000000bc048080                ___strtok

.rel.dyn        0x00000000bc048084        0x0
Address of section .text set to 0xbc000000
LOAD cpu/ralink_soc/start.o
START GROUP
LOAD lib_generic/libgeneric.a
LOAD board/rt2880/librt2880.a
LOAD cpu/ralink_soc/libralink_soc.a
LOAD lib_mips/libmips.a
LOAD net/libnet.a
LOAD drivers/libdrivers.a
LOAD common/libcommon.a
END GROUP
OUTPUT(u-boot elf32-tradlittlemips)

.pdr            0x0000000000000000     0x1fa0
 .pdr           0x0000000000000000       0xa0 cpu/ralink_soc/start.o
 .pdr           0x00000000000000a0      0x180 lib_mips/libmips.a(board.o)
 .pdr           0x0000000000000220       0xa0 lib_mips/libmips.a(time.o)
 .pdr           0x00000000000002c0      0x2a0 net/libnet.a(net.o)
 .pdr           0x0000000000000560       0x80 net/libnet.a(tftp.o)
 .pdr           0x00000000000005e0      0x100 net/libnet.a(eth.o)
 .pdr           0x00000000000006e0      0x240 drivers/libdrivers.a(rt2880_eth.o)
 .pdr           0x0000000000000920       0xa0 drivers/libdrivers.a(mii_mgr.o)
 .pdr           0x00000000000009c0      0x280 drivers/libdrivers.a(spi_rt6855A_flash.o)
 .pdr           0x0000000000000c40       0x40 common/libcommon.a(main.o)
 .pdr           0x0000000000000c80       0x20 common/libcommon.a(cmd_boot.o)
 .pdr           0x0000000000000ca0       0x60 common/libcommon.a(cmd_bootm.o)
 .pdr           0x0000000000000d00       0x20 common/libcommon.a(cmd_console.o)
 .pdr           0x0000000000000d20      0x1c0 common/libcommon.a(cmd_load.o)
 .pdr           0x0000000000000ee0       0x80 common/libcommon.a(cmd_net.o)
 .pdr           0x0000000000000f60      0x120 common/libcommon.a(cmd_mem.o)
 .pdr           0x0000000000001080       0xe0 common/libcommon.a(cmd_nvedit.o)
 .pdr           0x0000000000001160       0x60 common/libcommon.a(command.o)
 .pdr           0x00000000000011c0      0x2a0 common/libcommon.a(console.o)
 .pdr           0x0000000000001460       0x60 common/libcommon.a(devices.o)
 .pdr           0x00000000000014c0      0x200 common/libcommon.a(dlmalloc.o)
 .pdr           0x00000000000016c0       0xa0 common/libcommon.a(env_common.o)
 .pdr           0x0000000000001760       0x60 common/libcommon.a(exports.o)
 .pdr           0x00000000000017c0      0x140 common/libcommon.a(lists.o)
 .pdr           0x0000000000001900       0xa0 common/libcommon.a(env_spi.o)
 .pdr           0x00000000000019a0       0x20 lib_generic/libgeneric.a(crc32.o)
 .pdr           0x00000000000019c0       0x40 lib_generic/libgeneric.a(display_options.o)
 .pdr           0x0000000000001a00      0x100 lib_generic/libgeneric.a(string.o)
 .pdr           0x0000000000001b00       0xe0 lib_generic/libgeneric.a(vsprintf.o)
 .pdr           0x0000000000001be0      0x160 lib_generic/libgeneric.a(LzmaDecode.o)
 .pdr           0x0000000000001d40       0xc0 board/rt2880/librt2880.a(rt2880.o)
 .pdr           0x0000000000001e00       0xc0 board/rt2880/librt2880.a(serial.o)
 .pdr           0x0000000000001ec0       0xa0 cpu/ralink_soc/libralink_soc.a(cpu.o)
 .pdr           0x0000000000001f60       0x40 lib_mips/libmips.a(mips_linux.o)

.stab           0x0000000000000000     0x22c8
 .stab          0x0000000000000000     0x22bc cpu/ralink_soc/start.o
 .stab          0x00000000000022bc        0xc common/libcommon.a(environment.o)
                                         0x18 (size before relaxing)

.stabstr        0x0000000000000000       0xc2
 .stabstr       0x0000000000000000       0xc2 cpu/ralink_soc/start.o

.mdebug.abi32   0x0000000000000000        0x0

.debug_abbrev   0x0000000000000000      0x317
 .debug_abbrev  0x0000000000000000      0x317 lib_mips/libmips.a(board.o)

.debug_info     0x0000000000000000     0x15db
 .debug_info    0x0000000000000000     0x15db lib_mips/libmips.a(board.o)

.debug_line     0x0000000000000000      0x7ef
 .debug_line    0x0000000000000000      0x7ef lib_mips/libmips.a(board.o)

.debug_frame    0x0000000000000000     0x1c44
 .debug_frame   0x0000000000000000      0x16c lib_mips/libmips.a(board.o)
 .debug_frame   0x000000000000016c       0x88 lib_mips/libmips.a(time.o)
 .debug_frame   0x00000000000001f4      0x23c net/libnet.a(net.o)
 .debug_frame   0x0000000000000430       0x94 net/libnet.a(tftp.o)
 .debug_frame   0x00000000000004c4       0xd8 net/libnet.a(eth.o)
 .debug_frame   0x000000000000059c      0x220 drivers/libdrivers.a(rt2880_eth.o)
 .debug_frame   0x00000000000007bc       0xa8 drivers/libdrivers.a(mii_mgr.o)
 .debug_frame   0x0000000000000864      0x2a8 drivers/libdrivers.a(spi_rt6855A_flash.o)
 .debug_frame   0x0000000000000b0c       0x60 common/libcommon.a(main.o)
 .debug_frame   0x0000000000000b6c       0x30 common/libcommon.a(cmd_boot.o)
 .debug_frame   0x0000000000000b9c       0x88 common/libcommon.a(cmd_bootm.o)
 .debug_frame   0x0000000000000c24       0x38 common/libcommon.a(cmd_console.o)
 .debug_frame   0x0000000000000c5c      0x174 common/libcommon.a(cmd_load.o)
 .debug_frame   0x0000000000000dd0       0x68 common/libcommon.a(cmd_net.o)
 .debug_frame   0x0000000000000e38      0x14c common/libcommon.a(cmd_mem.o)
 .debug_frame   0x0000000000000f84      0x104 common/libcommon.a(cmd_nvedit.o)
 .debug_frame   0x0000000000001088       0x84 common/libcommon.a(command.o)
 .debug_frame   0x000000000000110c      0x1cc common/libcommon.a(console.o)
 .debug_frame   0x00000000000012d8       0x58 common/libcommon.a(devices.o)
 .debug_frame   0x0000000000001330      0x194 common/libcommon.a(dlmalloc.o)
 .debug_frame   0x00000000000014c4       0x80 common/libcommon.a(env_common.o)
 .debug_frame   0x0000000000001544       0x48 common/libcommon.a(exports.o)
 .debug_frame   0x000000000000158c      0x104 common/libcommon.a(lists.o)
 .debug_frame   0x0000000000001690       0x60 common/libcommon.a(env_spi.o)
 .debug_frame   0x00000000000016f0       0x20 lib_generic/libgeneric.a(crc32.o)
 .debug_frame   0x0000000000001710       0x48 lib_generic/libgeneric.a(display_options.o)
 .debug_frame   0x0000000000001758       0xa0 lib_generic/libgeneric.a(string.o)
 .debug_frame   0x00000000000017f8       0xb8 lib_generic/libgeneric.a(vsprintf.o)
 .debug_frame   0x00000000000018b0      0x1ac lib_generic/libgeneric.a(LzmaDecode.o)
 .debug_frame   0x0000000000001a5c       0x9c board/rt2880/librt2880.a(rt2880.o)
 .debug_frame   0x0000000000001af8       0x84 board/rt2880/librt2880.a(serial.o)
 .debug_frame   0x0000000000001b7c       0x60 cpu/ralink_soc/libralink_soc.a(cpu.o)
 .debug_frame   0x0000000000001bdc       0x68 lib_mips/libmips.a(mips_linux.o)

.debug_pubnames
                0x0000000000000000     0x175c
 .debug_pubnames
                0x0000000000000000      0x149 lib_mips/libmips.a(board.o)
 .debug_pubnames
                0x0000000000000149       0x45 lib_mips/libmips.a(time.o)
 .debug_pubnames
                0x000000000000018e      0x38e net/libnet.a(net.o)
 .debug_pubnames
                0x000000000000051c       0x55 net/libnet.a(tftp.o)
 .debug_pubnames
                0x0000000000000571       0x93 net/libnet.a(eth.o)
 .debug_pubnames
                0x0000000000000604      0x17a drivers/libdrivers.a(rt2880_eth.o)
 .debug_pubnames
                0x000000000000077e       0x6d drivers/libdrivers.a(mii_mgr.o)
 .debug_pubnames
                0x00000000000007eb      0x118 drivers/libdrivers.a(spi_rt6855A_flash.o)
 .debug_pubnames
                0x0000000000000903       0x44 common/libcommon.a(main.o)
 .debug_pubnames
                0x0000000000000947       0x30 common/libcommon.a(cmd_boot.o)
 .debug_pubnames
                0x0000000000000977       0x90 common/libcommon.a(cmd_bootm.o)
 .debug_pubnames
                0x0000000000000a07       0x3a common/libcommon.a(cmd_console.o)
 .debug_pubnames
                0x0000000000000a41      0x188 common/libcommon.a(cmd_load.o)
 .debug_pubnames
                0x0000000000000bc9       0x84 common/libcommon.a(cmd_net.o)
 .debug_pubnames
                0x0000000000000c4d      0x17f common/libcommon.a(cmd_mem.o)
 .debug_pubnames
                0x0000000000000dcc       0xaf common/libcommon.a(cmd_nvedit.o)
 .debug_pubnames
                0x0000000000000e7b       0x88 common/libcommon.a(command.o)
 .debug_pubnames
                0x0000000000000f03      0x10e common/libcommon.a(console.o)
 .debug_pubnames
                0x0000000000001011       0x76 common/libcommon.a(devices.o)
 .debug_pubnames
                0x0000000000001087       0xb3 common/libcommon.a(dlmalloc.o)
 .debug_pubnames
                0x000000000000113a       0x88 common/libcommon.a(env_common.o)
 .debug_pubnames
                0x00000000000011c2       0x35 common/libcommon.a(exports.o)
 .debug_pubnames
                0x00000000000011f7       0xc2 common/libcommon.a(lists.o)
 .debug_pubnames
                0x00000000000012b9       0x86 common/libcommon.a(env_spi.o)
 .debug_pubnames
                0x000000000000133f       0x2f common/libcommon.a(environment.o)
 .debug_pubnames
                0x000000000000136e       0x1c lib_generic/libgeneric.a(crc32.o)
 .debug_pubnames
                0x000000000000138a       0x35 lib_generic/libgeneric.a(display_options.o)
 .debug_pubnames
                0x00000000000013bf       0x7b lib_generic/libgeneric.a(string.o)
 .debug_pubnames
                0x000000000000143a       0x5a lib_generic/libgeneric.a(vsprintf.o)
 .debug_pubnames
                0x0000000000001494      0x12d lib_generic/libgeneric.a(LzmaDecode.o)
 .debug_pubnames
                0x00000000000015c1       0x1d lib_generic/libgeneric.a(ctype.o)
 .debug_pubnames
                0x00000000000015de       0x71 board/rt2880/librt2880.a(rt2880.o)
 .debug_pubnames
                0x000000000000164f       0x74 board/rt2880/librt2880.a(serial.o)
 .debug_pubnames
                0x00000000000016c3       0x74 cpu/ralink_soc/libralink_soc.a(cpu.o)
 .debug_pubnames
                0x0000000000001737       0x25 lib_mips/libmips.a(mips_linux.o)

.debug_aranges  0x0000000000000000       0x20
 .debug_aranges
                0x0000000000000000       0x20 lib_mips/libmips.a(board.o)

.debug_ranges   0x0000000000000000      0x718
 .debug_ranges  0x0000000000000000      0x160 lib_mips/libmips.a(board.o)
 .debug_ranges  0x0000000000000160       0x48 net/libnet.a(net.o)
 .debug_ranges  0x00000000000001a8       0x38 net/libnet.a(tftp.o)
 .debug_ranges  0x00000000000001e0       0x18 net/libnet.a(eth.o)
 .debug_ranges  0x00000000000001f8       0x20 drivers/libdrivers.a(rt2880_eth.o)
 .debug_ranges  0x0000000000000218      0x1d0 drivers/libdrivers.a(spi_rt6855A_flash.o)
 .debug_ranges  0x00000000000003e8       0x30 common/libcommon.a(main.o)
 .debug_ranges  0x0000000000000418       0x18 common/libcommon.a(cmd_bootm.o)
 .debug_ranges  0x0000000000000430       0x18 common/libcommon.a(cmd_console.o)
 .debug_ranges  0x0000000000000448       0x28 common/libcommon.a(cmd_load.o)
 .debug_ranges  0x0000000000000470       0x18 common/libcommon.a(cmd_mem.o)
 .debug_ranges  0x0000000000000488       0xf0 common/libcommon.a(cmd_nvedit.o)
 .debug_ranges  0x0000000000000578       0x38 common/libcommon.a(command.o)
 .debug_ranges  0x00000000000005b0       0x38 common/libcommon.a(console.o)
 .debug_ranges  0x00000000000005e8       0x50 common/libcommon.a(dlmalloc.o)
 .debug_ranges  0x0000000000000638       0x20 lib_generic/libgeneric.a(vsprintf.o)
 .debug_ranges  0x0000000000000658       0x78 lib_generic/libgeneric.a(LzmaDecode.o)
 .debug_ranges  0x00000000000006d0       0x48 lib_mips/libmips.a(mips_linux.o)

.debug_str      0x0000000000000000     0x30f0
 .debug_str     0x0000000000000000      0x8cd lib_mips/libmips.a(board.o)
                                        0x9fc (size before relaxing)
 .debug_str     0x00000000000008cd       0x63 lib_mips/libmips.a(time.o)
                                        0x167 (size before relaxing)
 .debug_str     0x0000000000000930      0x586 net/libnet.a(net.o)
                                        0x76b (size before relaxing)
 .debug_str     0x0000000000000eb6      0x107 net/libnet.a(tftp.o)
                                        0x2e9 (size before relaxing)
 .debug_str     0x0000000000000fbd       0xc5 net/libnet.a(eth.o)
                                        0x2bc (size before relaxing)
 .debug_str     0x0000000000001082      0x551 drivers/libdrivers.a(rt2880_eth.o)
                                        0x7aa (size before relaxing)
 .debug_str     0x00000000000015d3       0xa0 drivers/libdrivers.a(mii_mgr.o)
                                        0x1f3 (size before relaxing)
 .debug_str     0x0000000000001673      0x308 drivers/libdrivers.a(spi_rt6855A_flash.o)
                                        0x4f2 (size before relaxing)
 .debug_str     0x000000000000197b      0x14d common/libcommon.a(main.o)
                                        0x26d (size before relaxing)
 .debug_str     0x0000000000001ac8       0x21 common/libcommon.a(cmd_boot.o)
                                        0x15c (size before relaxing)
 .debug_str     0x0000000000001ae9      0x222 common/libcommon.a(cmd_bootm.o)
                                        0x3db (size before relaxing)
 .debug_str     0x0000000000001d0b       0xc0 common/libcommon.a(cmd_console.o)
                                        0x20e (size before relaxing)
 .debug_str     0x0000000000001dcb      0x25a common/libcommon.a(cmd_load.o)
                                        0x4d6 (size before relaxing)
 .debug_str     0x0000000000002025       0x91 common/libcommon.a(cmd_net.o)
                                        0x27e (size before relaxing)
 .debug_str     0x00000000000020b6      0x19f common/libcommon.a(cmd_mem.o)
                                        0x307 (size before relaxing)
 .debug_str     0x0000000000002255       0xbb common/libcommon.a(cmd_nvedit.o)
                                        0x33f (size before relaxing)
 .debug_str     0x0000000000002310       0x95 common/libcommon.a(command.o)
                                        0x236 (size before relaxing)
 .debug_str     0x00000000000023a5       0xee common/libcommon.a(console.o)
                                        0x3cc (size before relaxing)
 .debug_str     0x0000000000002493       0x56 common/libcommon.a(devices.o)
                                        0x2f3 (size before relaxing)
 .debug_str     0x00000000000024e9      0x2eb common/libcommon.a(dlmalloc.o)
                                        0x529 (size before relaxing)
 .debug_str     0x00000000000027d4       0x8c common/libcommon.a(env_common.o)
                                        0x26a (size before relaxing)
 .debug_str     0x0000000000002860       0x2b common/libcommon.a(exports.o)
                                        0x1eb (size before relaxing)
 .debug_str     0x000000000000288b      0x150 common/libcommon.a(lists.o)
                                        0x2a6 (size before relaxing)
 .debug_str     0x00000000000029db       0x3b common/libcommon.a(env_spi.o)
                                        0x267 (size before relaxing)
 .debug_str     0x0000000000002a16       0x17 common/libcommon.a(environment.o)
                                         0xbe (size before relaxing)
 .debug_str     0x0000000000002a2d       0x8f lib_generic/libgeneric.a(crc32.o)
                                        0x13c (size before relaxing)
 .debug_str     0x0000000000002abc       0x2d lib_generic/libgeneric.a(display_options.o)
                                        0x12a (size before relaxing)
 .debug_str     0x0000000000002ae9       0x4e lib_generic/libgeneric.a(string.o)
                                        0x15a (size before relaxing)
 .debug_str     0x0000000000002b37       0x76 lib_generic/libgeneric.a(vsprintf.o)
                                        0x1b6 (size before relaxing)
 .debug_str     0x0000000000002bad      0x28a lib_generic/libgeneric.a(LzmaDecode.o)
                                        0x3a4 (size before relaxing)
 .debug_str     0x0000000000002e37        0x8 lib_generic/libgeneric.a(ctype.o)
                                         0x84 (size before relaxing)
 .debug_str     0x0000000000002e3f       0xb6 board/rt2880/librt2880.a(rt2880.o)
                                        0x190 (size before relaxing)
 .debug_str     0x0000000000002ef5       0x61 board/rt2880/librt2880.a(serial.o)
                                        0x145 (size before relaxing)
 .debug_str     0x0000000000002f56       0xd3 cpu/ralink_soc/libralink_soc.a(cpu.o)
                                        0x206 (size before relaxing)
 .debug_str     0x0000000000003029       0xc7 lib_mips/libmips.a(mips_linux.o)
                                        0x3da (size before relaxing)

.comment        0x0000000000000000      0x276
 .comment       0x0000000000000000       0x12 lib_mips/libmips.a(board.o)
 .comment       0x0000000000000012       0x12 lib_mips/libmips.a(time.o)
 .comment       0x0000000000000024       0x12 net/libnet.a(net.o)
 .comment       0x0000000000000036       0x12 net/libnet.a(tftp.o)
 .comment       0x0000000000000048       0x12 net/libnet.a(eth.o)
 .comment       0x000000000000005a       0x12 drivers/libdrivers.a(rt2880_eth.o)
 .comment       0x000000000000006c       0x12 drivers/libdrivers.a(mii_mgr.o)
 .comment       0x000000000000007e       0x12 drivers/libdrivers.a(spi_rt6855A_flash.o)
 .comment       0x0000000000000090       0x12 common/libcommon.a(main.o)
 .comment       0x00000000000000a2       0x12 common/libcommon.a(cmd_boot.o)
 .comment       0x00000000000000b4       0x12 common/libcommon.a(cmd_bootm.o)
 .comment       0x00000000000000c6       0x12 common/libcommon.a(cmd_console.o)
 .comment       0x00000000000000d8       0x12 common/libcommon.a(cmd_load.o)
 .comment       0x00000000000000ea       0x12 common/libcommon.a(cmd_net.o)
 .comment       0x00000000000000fc       0x12 common/libcommon.a(cmd_mem.o)
 .comment       0x000000000000010e       0x12 common/libcommon.a(cmd_nvedit.o)
 .comment       0x0000000000000120       0x12 common/libcommon.a(command.o)
 .comment       0x0000000000000132       0x12 common/libcommon.a(console.o)
 .comment       0x0000000000000144       0x12 common/libcommon.a(devices.o)
 .comment       0x0000000000000156       0x12 common/libcommon.a(dlmalloc.o)
 .comment       0x0000000000000168       0x12 common/libcommon.a(env_common.o)
 .comment       0x000000000000017a       0x12 common/libcommon.a(exports.o)
 .comment       0x000000000000018c       0x12 common/libcommon.a(lists.o)
 .comment       0x000000000000019e       0x12 common/libcommon.a(env_spi.o)
 .comment       0x00000000000001b0       0x12 common/libcommon.a(environment.o)
 .comment       0x00000000000001c2       0x12 lib_generic/libgeneric.a(crc32.o)
 .comment       0x00000000000001d4       0x12 lib_generic/libgeneric.a(display_options.o)
 .comment       0x00000000000001e6       0x12 lib_generic/libgeneric.a(string.o)
 .comment       0x00000000000001f8       0x12 lib_generic/libgeneric.a(vsprintf.o)
 .comment       0x000000000000020a       0x12 lib_generic/libgeneric.a(LzmaDecode.o)
 .comment       0x000000000000021c       0x12 lib_generic/libgeneric.a(ctype.o)
 .comment       0x000000000000022e       0x12 board/rt2880/librt2880.a(rt2880.o)
 .comment       0x0000000000000240       0x12 board/rt2880/librt2880.a(serial.o)
 .comment       0x0000000000000252       0x12 cpu/ralink_soc/libralink_soc.a(cpu.o)
 .comment       0x0000000000000264       0x12 lib_mips/libmips.a(mips_linux.o)

.debug_abbrev.1
                0x0000000000000000      0x111
 .debug_abbrev  0x0000000000000000      0x111 lib_mips/libmips.a(time.o)

.debug_info.2   0x0000000000000000      0x1de
 .debug_info    0x0000000000000000      0x1de lib_mips/libmips.a(time.o)

.debug_line.3   0x0000000000000000      0x102
 .debug_line    0x0000000000000000      0x102 lib_mips/libmips.a(time.o)

.debug_aranges.4
                0x0000000000000000       0x20
 .debug_aranges
                0x0000000000000000       0x20 lib_mips/libmips.a(time.o)

.debug_abbrev.5
                0x0000000000000000      0x334
 .debug_abbrev  0x0000000000000000      0x334 net/libnet.a(net.o)

.debug_info.6   0x0000000000000000     0x1372
 .debug_info    0x0000000000000000     0x1372 net/libnet.a(net.o)

.debug_line.7   0x0000000000000000      0x607
 .debug_line    0x0000000000000000      0x607 net/libnet.a(net.o)

.debug_aranges.8
                0x0000000000000000       0x20
 .debug_aranges
                0x0000000000000000       0x20 net/libnet.a(net.o)

.debug_abbrev.9
                0x0000000000000000      0x20d
 .debug_abbrev  0x0000000000000000      0x20d net/libnet.a(tftp.o)

.debug_info.10  0x0000000000000000      0x638
 .debug_info    0x0000000000000000      0x638 net/libnet.a(tftp.o)

.debug_line.11  0x0000000000000000      0x372
 .debug_line    0x0000000000000000      0x372 net/libnet.a(tftp.o)

.debug_aranges.12
                0x0000000000000000       0x20
 .debug_aranges
                0x0000000000000000       0x20 net/libnet.a(tftp.o)

.debug_abbrev.13
                0x0000000000000000      0x20e
 .debug_abbrev  0x0000000000000000      0x20e net/libnet.a(eth.o)

.debug_info.14  0x0000000000000000      0x4e7
 .debug_info    0x0000000000000000      0x4e7 net/libnet.a(eth.o)

.debug_line.15  0x0000000000000000      0x1a3
 .debug_line    0x0000000000000000      0x1a3 net/libnet.a(eth.o)

.debug_aranges.16
                0x0000000000000000       0x20
 .debug_aranges
                0x0000000000000000       0x20 net/libnet.a(eth.o)

.debug_abbrev.17
                0x0000000000000000      0x2a2
 .debug_abbrev  0x0000000000000000      0x2a2 drivers/libdrivers.a(rt2880_eth.o)

.debug_info.18  0x0000000000000000      0xfe6
 .debug_info    0x0000000000000000      0xfe6 drivers/libdrivers.a(rt2880_eth.o)

.debug_line.19  0x0000000000000000      0x440
 .debug_line    0x0000000000000000      0x440 drivers/libdrivers.a(rt2880_eth.o)

.debug_aranges.20
                0x0000000000000000       0x20
 .debug_aranges
                0x0000000000000000       0x20 drivers/libdrivers.a(rt2880_eth.o)

.debug_abbrev.21
                0x0000000000000000      0x155
 .debug_abbrev  0x0000000000000000      0x155 drivers/libdrivers.a(mii_mgr.o)

.debug_info.22  0x0000000000000000      0x375
 .debug_info    0x0000000000000000      0x375 drivers/libdrivers.a(mii_mgr.o)

.debug_line.23  0x0000000000000000      0x1fa
 .debug_line    0x0000000000000000      0x1fa drivers/libdrivers.a(mii_mgr.o)

.debug_aranges.24
                0x0000000000000000       0x20
 .debug_aranges
                0x0000000000000000       0x20 drivers/libdrivers.a(mii_mgr.o)

.debug_abbrev.25
                0x0000000000000000      0x2ab
 .debug_abbrev  0x0000000000000000      0x2ab drivers/libdrivers.a(spi_rt6855A_flash.o)

.debug_info.26  0x0000000000000000     0x140f
 .debug_info    0x0000000000000000     0x140f drivers/libdrivers.a(spi_rt6855A_flash.o)

.debug_line.27  0x0000000000000000      0x6ef
 .debug_line    0x0000000000000000      0x6ef drivers/libdrivers.a(spi_rt6855A_flash.o)

.debug_aranges.28
                0x0000000000000000       0x20
 .debug_aranges
                0x0000000000000000       0x20 drivers/libdrivers.a(spi_rt6855A_flash.o)

.debug_abbrev.29
                0x0000000000000000      0x213
 .debug_abbrev  0x0000000000000000      0x213 common/libcommon.a(main.o)

.debug_info.30  0x0000000000000000      0x4ff
 .debug_info    0x0000000000000000      0x4ff common/libcommon.a(main.o)

.debug_line.31  0x0000000000000000      0x1e5
 .debug_line    0x0000000000000000      0x1e5 common/libcommon.a(main.o)

.debug_aranges.32
                0x0000000000000000       0x20
 .debug_aranges
                0x0000000000000000       0x20 common/libcommon.a(main.o)

.debug_abbrev.33
                0x0000000000000000       0xd9
 .debug_abbrev  0x0000000000000000       0xd9 common/libcommon.a(cmd_boot.o)

.debug_info.34  0x0000000000000000      0x1ba
 .debug_info    0x0000000000000000      0x1ba common/libcommon.a(cmd_boot.o)

.debug_line.35  0x0000000000000000      0x10e
 .debug_line    0x0000000000000000      0x10e common/libcommon.a(cmd_boot.o)

.debug_aranges.36
                0x0000000000000000       0x20
 .debug_aranges
                0x0000000000000000       0x20 common/libcommon.a(cmd_boot.o)

.debug_abbrev.37
                0x0000000000000000      0x208
 .debug_abbrev  0x0000000000000000      0x208 common/libcommon.a(cmd_bootm.o)

.debug_info.38  0x0000000000000000      0x7c3
 .debug_info    0x0000000000000000      0x7c3 common/libcommon.a(cmd_bootm.o)

.debug_line.39  0x0000000000000000      0x347
 .debug_line    0x0000000000000000      0x347 common/libcommon.a(cmd_bootm.o)

.debug_aranges.40
                0x0000000000000000       0x20
 .debug_aranges
                0x0000000000000000       0x20 common/libcommon.a(cmd_bootm.o)

.debug_abbrev.41
                0x0000000000000000      0x139
 .debug_abbrev  0x0000000000000000      0x139 common/libcommon.a(cmd_console.o)

.debug_info.42  0x0000000000000000      0x378
 .debug_info    0x0000000000000000      0x378 common/libcommon.a(cmd_console.o)

.debug_line.43  0x0000000000000000       0xcc
 .debug_line    0x0000000000000000       0xcc common/libcommon.a(cmd_console.o)

.debug_aranges.44
                0x0000000000000000       0x20
 .debug_aranges
                0x0000000000000000       0x20 common/libcommon.a(cmd_console.o)

.debug_abbrev.45
                0x0000000000000000      0x241
 .debug_abbrev  0x0000000000000000      0x241 common/libcommon.a(cmd_load.o)

.debug_info.46  0x0000000000000000      0x97e
 .debug_info    0x0000000000000000      0x97e common/libcommon.a(cmd_load.o)

.debug_line.47  0x0000000000000000      0x341
 .debug_line    0x0000000000000000      0x341 common/libcommon.a(cmd_load.o)

.debug_aranges.48
                0x0000000000000000       0x20
 .debug_aranges
                0x0000000000000000       0x20 common/libcommon.a(cmd_load.o)

.debug_abbrev.49
                0x0000000000000000      0x1a3
 .debug_abbrev  0x0000000000000000      0x1a3 common/libcommon.a(cmd_net.o)

.debug_info.50  0x0000000000000000      0x498
 .debug_info    0x0000000000000000      0x498 common/libcommon.a(cmd_net.o)

.debug_line.51  0x0000000000000000      0x1dd
 .debug_line    0x0000000000000000      0x1dd common/libcommon.a(cmd_net.o)

.debug_aranges.52
                0x0000000000000000       0x20
 .debug_aranges
                0x0000000000000000       0x20 common/libcommon.a(cmd_net.o)

.debug_abbrev.53
                0x0000000000000000      0x1c6
 .debug_abbrev  0x0000000000000000      0x1c6 common/libcommon.a(cmd_mem.o)

.debug_info.54  0x0000000000000000      0x7a1
 .debug_info    0x0000000000000000      0x7a1 common/libcommon.a(cmd_mem.o)

.debug_line.55  0x0000000000000000      0x26f
 .debug_line    0x0000000000000000      0x26f common/libcommon.a(cmd_mem.o)

.debug_aranges.56
                0x0000000000000000       0x20
 .debug_aranges
                0x0000000000000000       0x20 common/libcommon.a(cmd_mem.o)

.debug_abbrev.57
                0x0000000000000000      0x252
 .debug_abbrev  0x0000000000000000      0x252 common/libcommon.a(cmd_nvedit.o)

.debug_info.58  0x0000000000000000      0x964
 .debug_info    0x0000000000000000      0x964 common/libcommon.a(cmd_nvedit.o)

.debug_line.59  0x0000000000000000      0x3ae
 .debug_line    0x0000000000000000      0x3ae common/libcommon.a(cmd_nvedit.o)

.debug_aranges.60
                0x0000000000000000       0x20
 .debug_aranges
                0x0000000000000000       0x20 common/libcommon.a(cmd_nvedit.o)

.debug_abbrev.61
                0x0000000000000000      0x1f2
 .debug_abbrev  0x0000000000000000      0x1f2 common/libcommon.a(command.o)

.debug_info.62  0x0000000000000000      0x44d
 .debug_info    0x0000000000000000      0x44d common/libcommon.a(command.o)

.debug_line.63  0x0000000000000000      0x1e7
 .debug_line    0x0000000000000000      0x1e7 common/libcommon.a(command.o)

.debug_aranges.64
                0x0000000000000000       0x20
 .debug_aranges
                0x0000000000000000       0x20 common/libcommon.a(command.o)

.debug_abbrev.65
                0x0000000000000000      0x27b
 .debug_abbrev  0x0000000000000000      0x27b common/libcommon.a(console.o)

.debug_info.66  0x0000000000000000      0x94a
 .debug_info    0x0000000000000000      0x94a common/libcommon.a(console.o)

.debug_line.67  0x0000000000000000      0x2ce
 .debug_line    0x0000000000000000      0x2ce common/libcommon.a(console.o)

.debug_aranges.68
                0x0000000000000000       0x20
 .debug_aranges
                0x0000000000000000       0x20 common/libcommon.a(console.o)

.debug_abbrev.69
                0x0000000000000000      0x1a8
 .debug_abbrev  0x0000000000000000      0x1a8 common/libcommon.a(devices.o)

.debug_info.70  0x0000000000000000      0x4f5
 .debug_info    0x0000000000000000      0x4f5 common/libcommon.a(devices.o)

.debug_line.71  0x0000000000000000      0x19d
 .debug_line    0x0000000000000000      0x19d common/libcommon.a(devices.o)

.debug_aranges.72
                0x0000000000000000       0x20
 .debug_aranges
                0x0000000000000000       0x20 common/libcommon.a(devices.o)

.debug_abbrev.73
                0x0000000000000000      0x1de
 .debug_abbrev  0x0000000000000000      0x1de common/libcommon.a(dlmalloc.o)

.debug_info.74  0x0000000000000000      0xc2c
 .debug_info    0x0000000000000000      0xc2c common/libcommon.a(dlmalloc.o)

.debug_line.75  0x0000000000000000      0x3f7
 .debug_line    0x0000000000000000      0x3f7 common/libcommon.a(dlmalloc.o)

.debug_aranges.76
                0x0000000000000000       0x20
 .debug_aranges
                0x0000000000000000       0x20 common/libcommon.a(dlmalloc.o)

.debug_abbrev.77
                0x0000000000000000      0x15f
 .debug_abbrev  0x0000000000000000      0x15f common/libcommon.a(env_common.o)

.debug_info.78  0x0000000000000000      0x383
 .debug_info    0x0000000000000000      0x383 common/libcommon.a(env_common.o)

.debug_line.79  0x0000000000000000      0x14d
 .debug_line    0x0000000000000000      0x14d common/libcommon.a(env_common.o)

.debug_aranges.80
                0x0000000000000000       0x20
 .debug_aranges
                0x0000000000000000       0x20 common/libcommon.a(env_common.o)

.debug_abbrev.81
                0x0000000000000000       0xe6
 .debug_abbrev  0x0000000000000000       0xe6 common/libcommon.a(exports.o)

.debug_info.82  0x0000000000000000      0x23f
 .debug_info    0x0000000000000000      0x23f common/libcommon.a(exports.o)

.debug_line.83  0x0000000000000000       0xb7
 .debug_line    0x0000000000000000       0xb7 common/libcommon.a(exports.o)

.debug_aranges.84
                0x0000000000000000       0x20
 .debug_aranges
                0x0000000000000000       0x20 common/libcommon.a(exports.o)

.debug_abbrev.85
                0x0000000000000000      0x183
 .debug_abbrev  0x0000000000000000      0x183 common/libcommon.a(lists.o)

.debug_info.86  0x0000000000000000      0x421
 .debug_info    0x0000000000000000      0x421 common/libcommon.a(lists.o)

.debug_line.87  0x0000000000000000      0x11f
 .debug_line    0x0000000000000000      0x11f common/libcommon.a(lists.o)

.debug_aranges.88
                0x0000000000000000       0x20
 .debug_aranges
                0x0000000000000000       0x20 common/libcommon.a(lists.o)

.debug_abbrev.89
                0x0000000000000000      0x13c
 .debug_abbrev  0x0000000000000000      0x13c common/libcommon.a(env_spi.o)

.debug_info.90  0x0000000000000000      0x345
 .debug_info    0x0000000000000000      0x345 common/libcommon.a(env_spi.o)

.debug_line.91  0x0000000000000000      0x118
 .debug_line    0x0000000000000000      0x118 common/libcommon.a(env_spi.o)

.debug_aranges.92
                0x0000000000000000       0x20
 .debug_aranges
                0x0000000000000000       0x20 common/libcommon.a(env_spi.o)

.debug_abbrev.93
                0x0000000000000000       0x7c
 .debug_abbrev  0x0000000000000000       0x7c common/libcommon.a(environment.o)

.debug_info.94  0x0000000000000000       0xa5
 .debug_info    0x0000000000000000       0xa5 common/libcommon.a(environment.o)

.debug_line.95  0x0000000000000000       0x86
 .debug_line    0x0000000000000000       0x86 common/libcommon.a(environment.o)

.debug_abbrev.96
                0x0000000000000000       0xdb
 .debug_abbrev  0x0000000000000000       0xdb lib_generic/libgeneric.a(crc32.o)

.debug_info.97  0x0000000000000000      0x1dc
 .debug_info    0x0000000000000000      0x1dc lib_generic/libgeneric.a(crc32.o)

.debug_line.98  0x0000000000000000       0xb2
 .debug_line    0x0000000000000000       0xb2 lib_generic/libgeneric.a(crc32.o)

.debug_aranges.99
                0x0000000000000000       0x20
 .debug_aranges
                0x0000000000000000       0x20 lib_generic/libgeneric.a(crc32.o)

.debug_abbrev.100
                0x0000000000000000       0xc4
 .debug_abbrev  0x0000000000000000       0xc4 lib_generic/libgeneric.a(display_options.o)

.debug_info.101
                0x0000000000000000      0x123
 .debug_info    0x0000000000000000      0x123 lib_generic/libgeneric.a(display_options.o)

.debug_line.102
                0x0000000000000000       0xbf
 .debug_line    0x0000000000000000       0xbf lib_generic/libgeneric.a(display_options.o)

.debug_aranges.103
                0x0000000000000000       0x20
 .debug_aranges
                0x0000000000000000       0x20 lib_generic/libgeneric.a(display_options.o)

.debug_abbrev.104
                0x0000000000000000      0x101
 .debug_abbrev  0x0000000000000000      0x101 lib_generic/libgeneric.a(string.o)

.debug_info.105
                0x0000000000000000      0x361
 .debug_info    0x0000000000000000      0x361 lib_generic/libgeneric.a(string.o)

.debug_line.106
                0x0000000000000000      0x13f
 .debug_line    0x0000000000000000      0x13f lib_generic/libgeneric.a(string.o)

.debug_aranges.107
                0x0000000000000000       0x20
 .debug_aranges
                0x0000000000000000       0x20 lib_generic/libgeneric.a(string.o)

.debug_abbrev.108
                0x0000000000000000      0x189
 .debug_abbrev  0x0000000000000000      0x189 lib_generic/libgeneric.a(vsprintf.o)

.debug_info.109
                0x0000000000000000      0x3e4
 .debug_info    0x0000000000000000      0x3e4 lib_generic/libgeneric.a(vsprintf.o)

.debug_line.110
                0x0000000000000000      0x209
 .debug_line    0x0000000000000000      0x209 lib_generic/libgeneric.a(vsprintf.o)

.debug_aranges.111
                0x0000000000000000       0x20
 .debug_aranges
                0x0000000000000000       0x20 lib_generic/libgeneric.a(vsprintf.o)

.debug_abbrev.112
                0x0000000000000000      0x17d
 .debug_abbrev  0x0000000000000000      0x17d lib_generic/libgeneric.a(LzmaDecode.o)

.debug_info.113
                0x0000000000000000      0x756
 .debug_info    0x0000000000000000      0x756 lib_generic/libgeneric.a(LzmaDecode.o)

.debug_line.114
                0x0000000000000000      0x21a
 .debug_line    0x0000000000000000      0x21a lib_generic/libgeneric.a(LzmaDecode.o)

.debug_aranges.115
                0x0000000000000000       0x20
 .debug_aranges
                0x0000000000000000       0x20 lib_generic/libgeneric.a(LzmaDecode.o)

.debug_abbrev.116
                0x0000000000000000       0x42
 .debug_abbrev  0x0000000000000000       0x42 lib_generic/libgeneric.a(ctype.o)

.debug_info.117
                0x0000000000000000       0x56
 .debug_info    0x0000000000000000       0x56 lib_generic/libgeneric.a(ctype.o)

.debug_line.118
                0x0000000000000000       0x28
 .debug_line    0x0000000000000000       0x28 lib_generic/libgeneric.a(ctype.o)

.debug_abbrev.119
                0x0000000000000000      0x103
 .debug_abbrev  0x0000000000000000      0x103 board/rt2880/librt2880.a(rt2880.o)

.debug_info.120
                0x0000000000000000      0x287
 .debug_info    0x0000000000000000      0x287 board/rt2880/librt2880.a(rt2880.o)

.debug_line.121
                0x0000000000000000      0x155
 .debug_line    0x0000000000000000      0x155 board/rt2880/librt2880.a(rt2880.o)

.debug_aranges.122
                0x0000000000000000       0x20
 .debug_aranges
                0x0000000000000000       0x20 board/rt2880/librt2880.a(rt2880.o)

.debug_abbrev.123
                0x0000000000000000       0xcf
 .debug_abbrev  0x0000000000000000       0xcf board/rt2880/librt2880.a(serial.o)

.debug_info.124
                0x0000000000000000      0x151
 .debug_info    0x0000000000000000      0x151 board/rt2880/librt2880.a(serial.o)

.debug_line.125
                0x0000000000000000       0x6e
 .debug_line    0x0000000000000000       0x6e board/rt2880/librt2880.a(serial.o)

.debug_aranges.126
                0x0000000000000000       0x20
 .debug_aranges
                0x0000000000000000       0x20 board/rt2880/librt2880.a(serial.o)

.debug_abbrev.127
                0x0000000000000000      0x16a
 .debug_abbrev  0x0000000000000000      0x16a cpu/ralink_soc/libralink_soc.a(cpu.o)

.debug_info.128
                0x0000000000000000      0x471
 .debug_info    0x0000000000000000      0x471 cpu/ralink_soc/libralink_soc.a(cpu.o)

.debug_line.129
                0x0000000000000000      0x173
 .debug_line    0x0000000000000000      0x173 cpu/ralink_soc/libralink_soc.a(cpu.o)

.debug_aranges.130
                0x0000000000000000       0x20
 .debug_aranges
                0x0000000000000000       0x20 cpu/ralink_soc/libralink_soc.a(cpu.o)

.debug_abbrev.131
                0x0000000000000000      0x1ee
 .debug_abbrev  0x0000000000000000      0x1ee lib_mips/libmips.a(mips_linux.o)

.debug_info.132
                0x0000000000000000      0x7c5
 .debug_info    0x0000000000000000      0x7c5 lib_mips/libmips.a(mips_linux.o)

.debug_line.133
                0x0000000000000000      0x376
 .debug_line    0x0000000000000000      0x376 lib_mips/libmips.a(mips_linux.o)

.debug_aranges.134
                0x0000000000000000       0x20
 .debug_aranges
                0x0000000000000000       0x20 lib_mips/libmips.a(mips_linux.o)
